
============================================================
Processing: Ecoli_ampicillin
  Genomes: 1332
  Pass 1: counting document frequencies (k=21, stride=21)...
    [200/1332]  9,519,134 unique k-mers  (5s)
    [400/1332]  14,352,044 unique k-mers  (11s)
    [600/1332]  17,362,677 unique k-mers  (16s)
    [800/1332]  19,407,011 unique k-mers  (21s)
    [1000/1332]  20,880,085 unique k-mers  (26s)
    [1200/1332]  22,187,701 unique k-mers  (31s)
  Total unique k-mers observed: 23,144,265
  Filtering: min_df=5, max_df=1265 (95%)
  Eligible after df filter: 6,970,067
  Vocabulary size: 100,000
  Pass 2: building TF-IDF matrix (1332 x 100000)...
    [200/1332] (44s)
    [400/1332] (48s)
    [600/1332] (52s)
    [800/1332] (55s)
    [1000/1332] (58s)
    [1200/1332] (62s)
  Saved: 1332 genomes × 100000 features    nnz=500,000  density=0.375%
  → /Users/namangarg/Desktop/AMR NamanXSarika/kg-amr-v2/features/matrices/Ecoli_ampicillin_kmer.npz
  Time: 63.5s

============================================================
Processing: Kpneumoniae_cipro
  Genomes: 1642
  Pass 1: counting document frequencies (k=21, stride=21)...
    [200/1642]  10,120,050 unique k-mers  (8s)
    [400/1642]  13,221,211 unique k-mers  (13s)
    [600/1642]  15,377,388 unique k-mers  (20s)
    [800/1642]  16,427,616 unique k-mers  (25s)
    [1000/1642]  17,134,384 unique k-mers  (30s)
    [1200/1642]  17,903,380 unique k-mers  (36s)
    [1400/1642]  20,436,508 unique k-mers  (45s)
    [1600/1642]  22,036,101 unique k-mers  (54s)
  Total unique k-mers observed: 22,483,223
  Filtering: min_df=5, max_df=1559 (95%)
  Eligible after df filter: 10,697,391
  Vocabulary size: 100,000
  Pass 2: building TF-IDF matrix (1642 x 100000)...
    [200/1642] (72s)
    [400/1642] (76s)
    [600/1642] (81s)
    [800/1642] (85s)
    [1000/1642] (89s)
    [1200/1642] (93s)
    [1400/1642] (100s)
    [1600/1642] (106s)
  Saved: 1642 genomes × 100000 features    nnz=500,000  density=0.305%
  → /Users/namangarg/Desktop/AMR NamanXSarika/kg-amr-v2/features/matrices/Kpneumoniae_cipro_kmer.npz
  Time: 108.0s

============================================================
Processing: Kpneumoniae_carbapenem
  Genomes: 1556
  Pass 1: counting document frequencies (k=21, stride=21)...
    [200/1556]  10,268,146 unique k-mers  (9s)
    [400/1556]  13,339,425 unique k-mers  (14s)
    [600/1556]  15,517,079 unique k-mers  (21s)
    [800/1556]  16,585,501 unique k-mers  (26s)
    [1000/1556]  17,350,425 unique k-mers  (32s)
    [1200/1556]  18,126,604 unique k-mers  (38s)
    [1400/1556]  21,099,990 unique k-mers  (48s)
  Total unique k-mers observed: 22,321,975
  Filtering: min_df=5, max_df=1478 (95%)
  Eligible after df filter: 10,474,805
  Vocabulary size: 100,000
  Pass 2: building TF-IDF matrix (1556 x 100000)...
    [200/1556] (70s)
    [400/1556] (74s)
    [600/1556] (79s)
    [800/1556] (83s)
    [1000/1556] (87s)
    [1200/1556] (92s)
    [1400/1556] (99s)
  Saved: 1556 genomes × 100000 features    nnz=500,000  density=0.321%
  → /Users/namangarg/Desktop/AMR NamanXSarika/kg-amr-v2/features/matrices/Kpneumoniae_carbapenem_kmer.npz
  Time: 104.4s

============================================================
Processing: Abaumannii_carbapenem
  Genomes: 365
  Pass 1: counting document frequencies (k=21, stride=21)...
    [200/365]  7,061,218 unique k-mers  (5s)
  Total unique k-mers observed: 10,487,047
  Filtering: min_df=5, max_df=346 (95%)
  Eligible after df filter: 837,829
  Vocabulary size: 100,000
  Pass 2: building TF-IDF matrix (365 x 100000)...
    [200/365] (14s)
  Saved: 365 genomes × 100000 features    nnz=500,000  density=1.370%
  → /Users/namangarg/Desktop/AMR NamanXSarika/kg-amr-v2/features/matrices/Abaumannii_carbapenem_kmer.npz
  Time: 17.9s

Stage M2 complete.
