
============================================================
Explaining: Ecoli_ampicillin
  Mean gate value: 0.5217 (high→genomic, low→KG)
  Computing gradient importance for 500 samples...
  Top k-mer feature: GGAACTGCCAGGCATCAAATA
  Figures saved to: /Users/namangarg/Desktop/AMR NamanXSarika/kg-amr-v2/explain/species/Ecoli_ampicillin/figures/

============================================================
Explaining: Kpneumoniae_cipro
  Mean gate value: 0.5112 (high→genomic, low→KG)
  Computing gradient importance for 500 samples...
  Top k-mer feature: CGCCGCAAAGTTATTTTCGCC
  Figures saved to: /Users/namangarg/Desktop/AMR NamanXSarika/kg-amr-v2/explain/species/Kpneumoniae_cipro/figures/

============================================================
Explaining: Kpneumoniae_carbapenem
  Mean gate value: 0.4561 (high→genomic, low→KG)
  Computing gradient importance for 500 samples...
  Top k-mer feature: AATCGTTCAGCGGTCGCCGGT
  Figures saved to: /Users/namangarg/Desktop/AMR NamanXSarika/kg-amr-v2/explain/species/Kpneumoniae_carbapenem/figures/

============================================================
Explaining: Abaumannii_carbapenem
  Mean gate value: 0.5019 (high→genomic, low→KG)
  Computing gradient importance for 365 samples...
  Top k-mer feature: CGAGTAGCGTTTTACAACATG
  Figures saved to: /Users/namangarg/Desktop/AMR NamanXSarika/kg-amr-v2/explain/species/Abaumannii_carbapenem/figures/

Stage M7 complete.
