GPU available: True (mps), used: True
TPU available: False, using: 0 TPU cores
💡 Tip: For seamless cloud logging and experiment tracking, try installing [litlogger](https://pypi.org/project/litlogger/) to enable LitLogger, which logs metrics and artifacts automatically to the Lightning Experiments platform.
/opt/homebrew/Caskroom/miniconda/base/lib/python3.13/site-packages/lightning_fabric/loggers/csv_logs.py:268: Experiment logs directory /Users/namangarg/Desktop/AMR NamanXSarika/kg-amr-v2/model/species/Ecoli_ampicillin/ exists and is not empty. Previous log files in this directory will be deleted when the new ones are saved!
/opt/homebrew/Caskroom/miniconda/base/lib/python3.13/site-packages/pytorch_lightning/callbacks/model_checkpoint.py:881: Checkpoint directory /Users/namangarg/Desktop/AMR NamanXSarika/kg-amr-v2/model/species/Ecoli_ampicillin/checkpoints exists and is not empty.

============================================================
Training: Ecoli_ampicillin
  K-mer matrix: (1332, 100000)
  Labels loaded: 1332
  NUM_GENES=478, KG_EMBED_DIM=64
  CV folds loaded: 10 folds
  Genomes with both k-mer features and labels: 1332
  Final dataset: 1332 samples (k-mer dim=100000)
  Label dist: 851 R / 481 S (63.9% R)
  Split — train:1064  val:135  test:133
  Training on mps...
┏━━━┳━━━━━━━━━━━━━━━━━┳━━━━━━━━━━━━┳━━━━━━━━┳━━━━━━━┳━━━━━━━┓
┃   ┃ Name            ┃ Type       ┃ Params ┃ Mode  ┃ FLOPs ┃
┡━━━╇━━━━━━━━━━━━━━━━━╇━━━━━━━━━━━━╇━━━━━━━━╇━━━━━━━╇━━━━━━━┩
│ 0 │ genomic_encoder │ Sequential │ 51.3 M │ train │     0 │
│ 1 │ gene_attn       │ Linear     │     65 │ train │     0 │
│ 2 │ proj_g          │ Linear     │ 32.9 K │ train │     0 │
│ 3 │ proj_k          │ Linear     │  8.3 K │ train │     0 │
│ 4 │ gate_mlp        │ Sequential │ 49.4 K │ train │     0 │
│ 5 │ classifier      │ Sequential │  8.4 K │ train │     0 │
│ 6 │ gene_head       │ Sequential │ 39.3 K │ train │     0 │
└───┴─────────────────┴────────────┴────────┴───────┴───────┘
Trainable params: 51.5 M                                                        
Non-trainable params: 0                                                         
Total params: 51.5 M                                                            
Total estimated model params size (MB): 205                                     
Modules in train mode: 23                                                       
Modules in eval mode: 0                                                         
Total FLOPs: 0                                                                  
/opt/homebrew/Caskroom/miniconda/base/lib/python3.13/site-packages/pytorch_lightning/utilities/_pytree.py:21: `isinstance(treespec, LeafSpec)` is deprecated, use `isinstance(treespec, TreeSpec) and treespec.is_leaf()` instead.
/opt/homebrew/Caskroom/miniconda/base/lib/python3.13/site-packages/pytorch_lightning/trainer/connectors/data_connector.py:434: The 'val_dataloader' does not have many workers which may be a bottleneck. Consider increasing the value of the `num_workers` argument` to `num_workers=9` in the `DataLoader` to improve performance.
/opt/homebrew/Caskroom/miniconda/base/lib/python3.13/site-packages/pytorch_lightning/utilities/_pytree.py:21: `isinstance(treespec, LeafSpec)` is deprecated, use `isinstance(treespec, TreeSpec) and treespec.is_leaf()` instead.
/opt/homebrew/Caskroom/miniconda/base/lib/python3.13/site-packages/pytorch_lightning/trainer/connectors/data_connector.py:434: The 'train_dataloader' does not have many workers which may be a bottleneck. Consider increasing the value of the `num_workers` argument` to `num_workers=9` in the `DataLoader` to improve performance.
Metric val_f1_macro improved. New best score: 0.381
Metric val_f1_macro improved by 0.053 >= min_delta = 0.0. New best score: 0.434
Metric val_f1_macro improved by 0.062 >= min_delta = 0.0. New best score: 0.496
Metric val_f1_macro improved by 0.011 >= min_delta = 0.0. New best score: 0.507
Metric val_f1_macro improved by 0.020 >= min_delta = 0.0. New best score: 0.527
Monitored metric val_f1_macro did not improve in the last 12 records. Best score: 0.527. Signaling Trainer to stop.
Epoch 27/99 ━━━━━━━━━━━━━━━━━━━━━━━━━━━━━━━━ 17/17 0:00:00 • 0:00:00 16.42it/s 
GPU available: True (mps), used: True
TPU available: False, using: 0 TPU cores
💡 Tip: For seamless cloud logging and experiment tracking, try installing [litlogger](https://pypi.org/project/litlogger/) to enable LitLogger, which logs metrics and artifacts automatically to the Lightning Experiments platform.
/opt/homebrew/Caskroom/miniconda/base/lib/python3.13/site-packages/lightning_fabric/loggers/csv_logs.py:268: Experiment logs directory /Users/namangarg/Desktop/AMR NamanXSarika/kg-amr-v2/model/species/Kpneumoniae_cipro/ exists and is not empty. Previous log files in this directory will be deleted when the new ones are saved!

  Test results for Ecoli_ampicillin:
    F1-macro  : 0.5876
    F1-R      : 0.7333
    F1-S      : 0.4419
    AUC-ROC   : 0.5485
    Accuracy  : 0.6391
    Time      : 36s

============================================================
Training: Kpneumoniae_cipro
  K-mer matrix: (1642, 100000)
  Labels loaded: 1642
  NUM_GENES=583, KG_EMBED_DIM=64
  CV folds loaded: 10 folds
  Genomes with both k-mer features and labels: 1642
  Final dataset: 1642 samples (k-mer dim=100000)
  Label dist: 1439 R / 203 S (87.6% R)
  Split — train:1336  val:153  test:153
  Training on mps...
┏━━━┳━━━━━━━━━━━━━━━━━┳━━━━━━━━━━━━┳━━━━━━━━┳━━━━━━━┳━━━━━━━┓
┃   ┃ Name            ┃ Type       ┃ Params ┃ Mode  ┃ FLOPs ┃
┡━━━╇━━━━━━━━━━━━━━━━━╇━━━━━━━━━━━━╇━━━━━━━━╇━━━━━━━╇━━━━━━━┩
│ 0 │ genomic_encoder │ Sequential │ 51.3 M │ train │     0 │
│ 1 │ gene_attn       │ Linear     │     65 │ train │     0 │
│ 2 │ proj_g          │ Linear     │ 32.9 K │ train │     0 │
│ 3 │ proj_k          │ Linear     │  8.3 K │ train │     0 │
│ 4 │ gate_mlp        │ Sequential │ 49.4 K │ train │     0 │
│ 5 │ classifier      │ Sequential │  8.4 K │ train │     0 │
│ 6 │ gene_head       │ Sequential │ 46.2 K │ train │     0 │
└───┴─────────────────┴────────────┴────────┴───────┴───────┘
Trainable params: 51.5 M                                                        
Non-trainable params: 0                                                         
Total params: 51.5 M                                                            
Total estimated model params size (MB): 205                                     
Modules in train mode: 23                                                       
Modules in eval mode: 0                                                         
Total FLOPs: 0                                                                  
/opt/homebrew/Caskroom/miniconda/base/lib/python3.13/site-packages/pytorch_lightning/utilities/_pytree.py:21: `isinstance(treespec, LeafSpec)` is deprecated, use `isinstance(treespec, TreeSpec) and treespec.is_leaf()` instead.
/opt/homebrew/Caskroom/miniconda/base/lib/python3.13/site-packages/pytorch_lightning/trainer/connectors/data_connector.py:434: The 'val_dataloader' does not have many workers which may be a bottleneck. Consider increasing the value of the `num_workers` argument` to `num_workers=9` in the `DataLoader` to improve performance.
/opt/homebrew/Caskroom/miniconda/base/lib/python3.13/site-packages/pytorch_lightning/utilities/_pytree.py:21: `isinstance(treespec, LeafSpec)` is deprecated, use `isinstance(treespec, TreeSpec) and treespec.is_leaf()` instead.
/opt/homebrew/Caskroom/miniconda/base/lib/python3.13/site-packages/pytorch_lightning/trainer/connectors/data_connector.py:434: The 'train_dataloader' does not have many workers which may be a bottleneck. Consider increasing the value of the `num_workers` argument` to `num_workers=9` in the `DataLoader` to improve performance.
Metric val_f1_macro improved. New best score: 0.469
Metric val_f1_macro improved by 0.020 >= min_delta = 0.0. New best score: 0.490
Metric val_f1_macro improved by 0.047 >= min_delta = 0.0. New best score: 0.537
Metric val_f1_macro improved by 0.004 >= min_delta = 0.0. New best score: 0.541
Metric val_f1_macro improved by 0.010 >= min_delta = 0.0. New best score: 0.550
Metric val_f1_macro improved by 0.009 >= min_delta = 0.0. New best score: 0.560
Metric val_f1_macro improved by 0.000 >= min_delta = 0.0. New best score: 0.560
Monitored metric val_f1_macro did not improve in the last 12 records. Best score: 0.560. Signaling Trainer to stop.
Epoch 45/99 ━━━━━━━━━━━━━━━━━━━━━━━━━━━━━━━━ 21/21 0:00:01 • 0:00:00 15.76it/s 
GPU available: True (mps), used: True
TPU available: False, using: 0 TPU cores
💡 Tip: For seamless cloud logging and experiment tracking, try installing [litlogger](https://pypi.org/project/litlogger/) to enable LitLogger, which logs metrics and artifacts automatically to the Lightning Experiments platform.
/opt/homebrew/Caskroom/miniconda/base/lib/python3.13/site-packages/lightning_fabric/loggers/csv_logs.py:268: Experiment logs directory /Users/namangarg/Desktop/AMR NamanXSarika/kg-amr-v2/model/species/Kpneumoniae_carbapenem/ exists and is not empty. Previous log files in this directory will be deleted when the new ones are saved!

  Test results for Kpneumoniae_cipro:
    F1-macro  : 0.5283
    F1-R      : 0.9137
    F1-S      : 0.1429
    AUC-ROC   : 0.6705
    Accuracy  : 0.8431
    Time      : 68s

============================================================
Training: Kpneumoniae_carbapenem
  K-mer matrix: (1556, 100000)
  Labels loaded: 1556
  NUM_GENES=594, KG_EMBED_DIM=64
  CV folds loaded: 10 folds
  Genomes with both k-mer features and labels: 1556
  Final dataset: 1556 samples (k-mer dim=100000)
  Label dist: 535 R / 1021 S (34.4% R)
  Split — train:1269  val:142  test:145
  Training on mps...
┏━━━┳━━━━━━━━━━━━━━━━━┳━━━━━━━━━━━━┳━━━━━━━━┳━━━━━━━┳━━━━━━━┓
┃   ┃ Name            ┃ Type       ┃ Params ┃ Mode  ┃ FLOPs ┃
┡━━━╇━━━━━━━━━━━━━━━━━╇━━━━━━━━━━━━╇━━━━━━━━╇━━━━━━━╇━━━━━━━┩
│ 0 │ genomic_encoder │ Sequential │ 51.3 M │ train │     0 │
│ 1 │ gene_attn       │ Linear     │     65 │ train │     0 │
│ 2 │ proj_g          │ Linear     │ 32.9 K │ train │     0 │
│ 3 │ proj_k          │ Linear     │  8.3 K │ train │     0 │
│ 4 │ gate_mlp        │ Sequential │ 49.4 K │ train │     0 │
│ 5 │ classifier      │ Sequential │  8.4 K │ train │     0 │
│ 6 │ gene_head       │ Sequential │ 46.9 K │ train │     0 │
└───┴─────────────────┴────────────┴────────┴───────┴───────┘
Trainable params: 51.5 M                                                        
Non-trainable params: 0                                                         
Total params: 51.5 M                                                            
Total estimated model params size (MB): 205                                     
Modules in train mode: 23                                                       
Modules in eval mode: 0                                                         
Total FLOPs: 0                                                                  
/opt/homebrew/Caskroom/miniconda/base/lib/python3.13/site-packages/pytorch_lightning/utilities/_pytree.py:21: `isinstance(treespec, LeafSpec)` is deprecated, use `isinstance(treespec, TreeSpec) and treespec.is_leaf()` instead.
/opt/homebrew/Caskroom/miniconda/base/lib/python3.13/site-packages/pytorch_lightning/trainer/connectors/data_connector.py:434: The 'val_dataloader' does not have many workers which may be a bottleneck. Consider increasing the value of the `num_workers` argument` to `num_workers=9` in the `DataLoader` to improve performance.
/opt/homebrew/Caskroom/miniconda/base/lib/python3.13/site-packages/pytorch_lightning/utilities/_pytree.py:21: `isinstance(treespec, LeafSpec)` is deprecated, use `isinstance(treespec, TreeSpec) and treespec.is_leaf()` instead.
/opt/homebrew/Caskroom/miniconda/base/lib/python3.13/site-packages/pytorch_lightning/trainer/connectors/data_connector.py:434: The 'train_dataloader' does not have many workers which may be a bottleneck. Consider increasing the value of the `num_workers` argument` to `num_workers=9` in the `DataLoader` to improve performance.
Metric val_f1_macro improved. New best score: 0.409
Metric val_f1_macro improved by 0.143 >= min_delta = 0.0. New best score: 0.553
Metric val_f1_macro improved by 0.020 >= min_delta = 0.0. New best score: 0.573
Metric val_f1_macro improved by 0.026 >= min_delta = 0.0. New best score: 0.599
Monitored metric val_f1_macro did not improve in the last 12 records. Best score: 0.599. Signaling Trainer to stop.
Epoch 22/99 ━━━━━━━━━━━━━━━━━━━━━━━━━━━━━━━━ 20/20 0:00:01 • 0:00:00 15.58it/s 
GPU available: True (mps), used: True
TPU available: False, using: 0 TPU cores
💡 Tip: For seamless cloud logging and experiment tracking, try installing [litlogger](https://pypi.org/project/litlogger/) to enable LitLogger, which logs metrics and artifacts automatically to the Lightning Experiments platform.
/opt/homebrew/Caskroom/miniconda/base/lib/python3.13/site-packages/lightning_fabric/loggers/csv_logs.py:268: Experiment logs directory /Users/namangarg/Desktop/AMR NamanXSarika/kg-amr-v2/model/species/Abaumannii_carbapenem/ exists and is not empty. Previous log files in this directory will be deleted when the new ones are saved!

  Test results for Kpneumoniae_carbapenem:
    F1-macro  : 0.5370
    F1-R      : 0.4220
    F1-S      : 0.6519
    AUC-ROC   : 0.5451
    Accuracy  : 0.5655
    Time      : 35s

============================================================
Training: Abaumannii_carbapenem
  K-mer matrix: (365, 100000)
  Labels loaded: 365
  NUM_GENES=256, KG_EMBED_DIM=64
  CV folds loaded: 10 folds
  Genomes with both k-mer features and labels: 365
  Final dataset: 365 samples (k-mer dim=100000)
  Label dist: 247 R / 118 S (67.7% R)
  Split — train:298  val:33  test:34
  Training on mps...
┏━━━┳━━━━━━━━━━━━━━━━━┳━━━━━━━━━━━━┳━━━━━━━━┳━━━━━━━┳━━━━━━━┓
┃   ┃ Name            ┃ Type       ┃ Params ┃ Mode  ┃ FLOPs ┃
┡━━━╇━━━━━━━━━━━━━━━━━╇━━━━━━━━━━━━╇━━━━━━━━╇━━━━━━━╇━━━━━━━┩
│ 0 │ genomic_encoder │ Sequential │ 51.3 M │ train │     0 │
│ 1 │ gene_attn       │ Linear     │     65 │ train │     0 │
│ 2 │ proj_g          │ Linear     │ 32.9 K │ train │     0 │
│ 3 │ proj_k          │ Linear     │  8.3 K │ train │     0 │
│ 4 │ gate_mlp        │ Sequential │ 49.4 K │ train │     0 │
│ 5 │ classifier      │ Sequential │  8.4 K │ train │     0 │
│ 6 │ gene_head       │ Sequential │ 24.9 K │ train │     0 │
└───┴─────────────────┴────────────┴────────┴───────┴───────┘
Trainable params: 51.5 M                                                        
Non-trainable params: 0                                                         
Total params: 51.5 M                                                            
Total estimated model params size (MB): 205                                     
Modules in train mode: 23                                                       
Modules in eval mode: 0                                                         
Total FLOPs: 0                                                                  
/opt/homebrew/Caskroom/miniconda/base/lib/python3.13/site-packages/pytorch_lightning/utilities/_pytree.py:21: `isinstance(treespec, LeafSpec)` is deprecated, use `isinstance(treespec, TreeSpec) and treespec.is_leaf()` instead.
/opt/homebrew/Caskroom/miniconda/base/lib/python3.13/site-packages/pytorch_lightning/trainer/connectors/data_connector.py:434: The 'val_dataloader' does not have many workers which may be a bottleneck. Consider increasing the value of the `num_workers` argument` to `num_workers=9` in the `DataLoader` to improve performance.
/opt/homebrew/Caskroom/miniconda/base/lib/python3.13/site-packages/pytorch_lightning/utilities/_pytree.py:21: `isinstance(treespec, LeafSpec)` is deprecated, use `isinstance(treespec, TreeSpec) and treespec.is_leaf()` instead.
/opt/homebrew/Caskroom/miniconda/base/lib/python3.13/site-packages/pytorch_lightning/trainer/connectors/data_connector.py:434: The 'train_dataloader' does not have many workers which may be a bottleneck. Consider increasing the value of the `num_workers` argument` to `num_workers=9` in the `DataLoader` to improve performance.
Metric val_f1_macro improved. New best score: 0.422
Metric val_f1_macro improved by 0.054 >= min_delta = 0.0. New best score: 0.476
Monitored metric val_f1_macro did not improve in the last 12 records. Best score: 0.476. Signaling Trainer to stop.
Epoch 13/99 ━━━━━━━━━━━━━━━━━━━━━━━━━━━━━━━━━━ 5/5 0:00:00 • 0:00:00 14.75it/s 

  Test results for Abaumannii_carbapenem:
    F1-macro  : 0.4848
    F1-R      : 0.6364
    F1-S      : 0.3333
    AUC-ROC   : 0.4917
    Accuracy  : 0.5294
    Time      : 7s


=== Multi-Species Results Summary ===
  Species                       F1-macro   AUC-ROC      Acc   Test N
  -----------------------------------------------------------------
  Ecoli_ampicillin                0.5876    0.5485   0.6391      133
  Kpneumoniae_cipro               0.5283    0.6705   0.8431      153
  Kpneumoniae_carbapenem          0.5370    0.5451   0.5655      145
  Abaumannii_carbapenem           0.4848    0.4917   0.5294       34

Stage M6 complete.
